// Jest Snapshot v1, https://goo.gl/fbAQLP

exports[`ProductImageu mostrar el product card con imagen 1`] = `
<div
  className="productCard undefined"
>
  <img
    alt="Product"
    className="productImg undefined"
    src="./coffe-mug.png"
  />
</div>
`;

exports[`ProductImageu mostrar el product image 1`] = `
<img
  alt="Product"
  className="productImg custom-class"
  src=".\\\\test.png"
/>
`;
